
> cafebeats@0.0.0 build
> vite build

[36mvite v7.3.1 [32mbuilding client environment for production...[36m[39m
transforming...
[32mΓ£ô[39m 1822 modules transformed.
rendering chunks...
computing gzip size...
[2mdist/[22m[32mindex.html                 [39m[1m[2m  0.88 kB[22m[1m[22m[2m Γöé gzip:  0.48 kB[22m
[2mdist/[22m[35massets/index-DgvXVcAc.css  [39m[1m[2m 21.46 kB[22m[1m[22m[2m Γöé gzip:  4.50 kB[22m
[2mdist/[22m[36massets/index-C6ZzTJlv.js   [39m[1m[2m294.34 kB[22m[1m[22m[2m Γöé gzip: 95.74 kB[22m
[32mΓ£ô built in 3.65s[39m
